I'm sorry, but errors were detected in your script. Please correct the
errors listed below, and try again.


File "game/script4.rpy", line 12: expected statement.
    main:
        ^

Ren'Py Version: Ren'Py 7.4.11.2266
Sat Mar 26 17:08:25 2022
